ID for item 3 (GCA_000420725_02669) is missing!
ID for item 6 (Tcr_1545) is missing!
ID for item 7 (GCA_000332315_01186) is missing!
ID for item 10 (GCA_001455895_01177) is missing!
ID for item 11 (GCA_000473065_04617) is missing!
ID for item 25 (GCA_000382345_04293) is missing!
Tax data for item 33 is missing!
ID for item 35 (GCA_000772895_04584) is missing!
ID for item 36 (GCA_000378225_00986) is missing!
ID for item 47 (GCA_000426885_00538) is missing!
ID for item 50 (GCA_001063355_02784) is missing!
ID for item 58 (GCA_000420265_00746) is missing!
ID for item 69 (GCA_000422445_02610) is missing!
ID for item 72 (GCA_000720375_07059) is missing!
ID for item 77 (GCA_001580365_00425) is missing!
ID for item 78 (GCA_001580365_03645) is missing!
ID for item 79 (GCA_001580365_03797) is missing!
ID for item 80 (GCA_000422445_02899) is missing!
ID for item 84 (GCA_000427445_01304) is missing!
ID for item 88 (Pmen_3753) is missing!
ID for item 89 (Spro_4422) is missing!
ID for item 91 (GCA_000422465_03990) is missing!
ID for item 96 (GCA_000934765_02499) is missing!
ID for item 102 (GCA_000377505_01655) is missing!
ID for item 112 (LS65_03840) is missing!
ID for item 114 (GCA_000422505_02378) is missing!
ID for item 121 (GCA_001940335_03233) is missing!
ID for item 124 (GCA_000819765_02981) is missing!
ID for item 125 (GCA_000382145_01677) is missing!
ID for item 126 (GCA_001318175_00950) is missing!
ID for item 131 (GCA_000426265_00194) is missing!
ID for item 136 (GCA_000378765_02152) is missing!
ID for item 146 (GCA_000612605_00781) is missing!
ID for item 147 (GCA_000378145_03594) is missing!
ID for item 155 (GCA_001642835_02675) is missing!
ID for item 158 (GCA_000688255_00607) is missing!
ID for item 161 (SG35_04605) is missing!
ID for item 169 (GCA_000745895_01364) is missing!
ID for item 179 (LS81_00955) is missing!
ID for item 180 (GCA_000423725_00635) is missing!
ID for item 181 (LS81_06595) is missing!
ID for item 182 (GCA_000186705_00312) is missing!
ID for item 186 (GCA_001597855_03273) is missing!
ID for item 191 (GCA_000619805_00473) is missing!
ID for item 194 (GCA_000428145_02111) is missing!
ID for item 195 (GCA_000428145_02969) is missing!
ID for item 199 (GCA_001613405_03767) is missing!
ID for item 202 (GCA_000425565_00548) is missing!
ID for item 207 (GCA_000708655_01307) is missing!
ID for item 210 (GCA_000378345_02650) is missing!
ID for item 211 (GCA_000420665_01554) is missing!
ID for item 213 (GCA_000425565_01256) is missing!
ID for item 215 (GCA_000591415_03416) is missing!
ID for item 216 (GCA_001557755_01123) is missing!
ID for item 217 (AA407_14460) is missing!
ID for item 225 (GCA_000423785_00151) is missing!
Tax data for item 246 is missing!
ID for item 247 (GCA_000621305_01994) is missing!
ID for item 249 (GCA_000829675_00066) is missing!
ID for item 252 (GCA_001550055_00093) is missing!
ID for item 253 (GCA_000688615_01159) is missing!
ID for item 258 (GCA_000621325_00822) is missing!
ID for item 261 (GCA_000820045_00544) is missing!
ID for item 263 (GCA_000813485_03095) is missing!
ID for item 265 (Rpdx1_0954) is missing!
ID for item 277 (GCA_000746085_01806) is missing!
ID for item 280 (GCA_000373965_00011) is missing!
ID for item 288 (GCA_001952955_04467) is missing!
ID for item 291 (GCA_000373965_00595) is missing!
ID for item 292 (GCA_000974445_03233) is missing!
ID for item 294 (GCA_000222125_03267) is missing!
ID for item 296 (GCA_001570545_07044) is missing!
ID for item 301 (GCA_002025645_02097) is missing!
ID for item 307 (gene_203537742) is missing!
ID for item 309 (GCA_001748245_05295) is missing!
ID for item 310 (GCA_001047135_01234) is missing!
ID for item 313 (GCA_000711795_01149) is missing!
ID for item 318 (GCA_000261485_02384) is missing!
ID for item 324 (GCA_000711805_01153) is missing!
ID for item 328 (GCA_002139385_01377) is missing!
ID for item 329 (GCA_001922645_00153) is missing!
ID for item 339 (GCA_000379525_00121) is missing!
ID for item 347 (GCA_000382305_01881) is missing!
ID for item 348 (GCA_000718085_01466) is missing!
ID for item 353 (GCA_002019735_02358) is missing!
ID for item 358 (GCA_000420365_00966) is missing!
ID for item 369 (GCA_000382325_00184) is missing!
Tax data for item 376 is missing!
ID for item 380 (GCA_000620025_00220) is missing!
ID for item 386 (GCA_000385335_00743) is missing!
ID for item 391 (GCA_000381085_00186) is missing!
ID for item 402 (GCA_000483485_01670) is missing!
ID for item 403 (GCA_000165675_01774) is missing!
ID for item 404 (GCA_000165675_01775) is missing!
ID for item 405 (GCA_000744875_00568) is missing!
ID for item 406 (GCA_000702325_01485) is missing!
ID for item 410 (GCA_000515355_02726) is missing!
ID for item 413 (GCA_000384235_00033) is missing!
ID for item 418 (GCA_000518885_00130) is missing!
ID for item 419 (GCA_000518985_01593) is missing!
ID for item 424 (GCA_000711195_01498) is missing!
ID for item 430 (GCA_000420125_01799) is missing!
ID for item 434 (PB1_05792) is missing!
ID for item 435 (GCA_000478585_02253) is missing!
ID for item 436 (GCA_000204195_01774) is missing!
ID for item 437 (GCA_000378945_00214) is missing!
ID for item 440 (GCA_000346615_01211) is missing!
ID for item 446 (GCA_000526175_04070) is missing!
ID for item 447 (GCA_000384255_01221) is missing!
ID for item 455 (GCA_001941825_02674) is missing!
ID for item 462 (GCA_000299035_05204) is missing!
ID for item 467 (GCA_000381565_00588) is missing!
ID for item 468 (GCA_000703045_01875) is missing!
ID for item 469 (GCA_000703085_00926) is missing!
ID for item 470 (GCA_000409345_03829) is missing!
ID for item 472 (GCA_000238795_01779) is missing!
ID for item 473 (GCA_000409365_01429) is missing!
ID for item 474 (GCA_000284835_01854) is missing!
ID for item 479 (GCA_000526715_01540) is missing!
ID for item 480 (GCA_000515215_01876) is missing!
ID for item 483 (gene_10494965) is missing!
ID for item 493 (GCA_000309385_04026) is missing!
ID for item 494 (GCA_000716755_02647) is missing!
ID for item 506 (GCA_000716755_04964) is missing!
ID for item 507 (GCA_000308455_05433) is missing!
ID for item 508 (GCA_000308675_00932) is missing!
ID for item 509 (GCA_000308755_04422) is missing!
ID for item 513 (GCA_000504145_00060) is missing!
ID for item 514 (GCA_000504145_00608) is missing!
ID for item 515 (GCA_000504165_03224) is missing!
ID for item 516 (GCA_001612665_00494) is missing!
ID for item 517 (GCA_000473045_06294) is missing!
ID for item 518 (GCA_001612765_03076) is missing!
ID for item 519 (GCA_001612785_06576) is missing!
ID for item 520 (GCA_001612805_04707) is missing!
ID for item 521 (GCA_001612885_01493) is missing!
ID for item 522 (GCA_001613045_06571) is missing!
ID for item 523 (GCA_001613125_01976) is missing!
ID for item 524 (GCA_001613365_01282) is missing!
ID for item 527 (GCA_000307305_02326) is missing!
ID for item 528 (GCA_000473045_06295) is missing!
ID for item 539 (GCA_000379605_05533) is missing!
ID for item 541 (GCA_000292345_03266) is missing!
ID for item 542 (GCA_000292345_04077) is missing!
ID for item 543 (GCA_000759835_00606) is missing!
ID for item 544 (GCA_001544295_01005) is missing!
ID for item 547 (GCA_001591165_02408) is missing!
ID for item 548 (GCA_001552615_02066) is missing!
ID for item 549 (GCA_000454545_04612) is missing!
ID for item 550 (GCA_000513895_01883) is missing!
ID for item 552 (GCA_002019595_02022) is missing!
ID for item 553 (GCA_002019595_02390) is missing!
ID for item 555 (GCA_001613465_02235) is missing!
ID for item 556 (GCA_001544195_00172) is missing!
ID for item 558 (GCA_000302695_03546) is missing!
ID for item 561 (GCA_001653055_01183) is missing!
ID for item 564 (GCA_001368795_00888) is missing!
ID for item 567 (GCA_000315855_01326) is missing!
ID for item 571 (GCA_000614975_02831) is missing!
ID for item 573 (GCA_000615945_01719) is missing!
ID for item 583 (GCA_000378985_03703) is missing!
ID for item 584 (GCA_001482195_01131) is missing!
ID for item 589 (GCA_000383895_05024) is missing!
ID for item 590 (GCA_000378245_00302) is missing!
ID for item 591 (GCA_000381265_02859) is missing!
ID for item 592 (GCA_000381265_03828) is missing!
ID for item 593 (GCA_000381265_04447) is missing!
ID for item 611 (GCA_000619905_01223) is missing!
ID for item 612 (GCA_000383415_04021) is missing!
ID for item 614 (GCA_000381585_02609) is missing!
ID for item 615 (GCA_000381605_01335) is missing!
ID for item 617 (GCA_000829655_04597) is missing!
ID for item 618 (GCA_000599885_01862) is missing!
ID for item 621 (GCA_000381745_01963) is missing!
ID for item 622 (GCA_000428725_02707) is missing!
ID for item 636 (GCA_000426005_00499) is missing!
ID for item 639 (GCA_000966195_02519) is missing!
ID for item 641 (GCA_000519045_01165) is missing!
ID for item 644 (GCA_001591385_04798) is missing!
ID for item 655 (GCA_001598255_00346) is missing!
ID for item 658 (GCA_000798825_01389) is missing!
ID for item 660 (GCA_000372885_02612) is missing!
ID for item 662 (GCA_001591545_03476) is missing!
ID for item 663 (GCA_001591625_02275) is missing!
ID for item 664 (GCA_001591745_01008) is missing!
ID for item 665 (GCA_001591745_01383) is missing!
ID for item 666 (GCA_001591765_01438) is missing!
ID for item 667 (GCA_001591765_01949) is missing!
ID for item 668 (GCA_000740015_00826) is missing!
ID for item 671 (GCA_001571145_02097) is missing!
ID for item 672 (GCA_000344615_02849) is missing!
ID for item 673 (GCA_001571145_03588) is missing!
ID for item 674 (GCA_001592245_00989) is missing!
ID for item 675 (GCA_001592265_00783) is missing!
ID for item 677 (GCA_001598275_00277) is missing!
ID for item 678 (GCA_001598275_01551) is missing!
ID for item 679 (GCA_000509405_02242) is missing!
Tax data for item 680 is missing!
ID for item 683 (GCA_000344615_05094) is missing!
ID for item 691 (GCA_000379125_02983) is missing!
ID for item 692 (GCA_900166605_02549) is missing!
ID for item 693 (SG34_00105) is missing!
ID for item 694 (GCA_000527115_00312) is missing!
ID for item 698 (GCA_001612615_00434) is missing!
ID for item 699 (GCA_000620725_03415) is missing!
ID for item 700 (GCA_000518365_02206) is missing!
ID for item 703 (GCA_001484765_00424) is missing!
ID for item 705 (GCA_000745215_04138) is missing!
ID for item 708 (GCA_000471645_00339) is missing!
ID for item 709 (GCA_000463155_00822) is missing!
ID for item 720 (GCA_000710895_06884) is missing!
ID for item 721 (GCA_000485815_00065) is missing!
ID for item 724 (GCA_000744735_00242) is missing!
ID for item 726 (GCA_000504425_02608) is missing!
ID for item 754 (GCA_001469165_01379) is missing!
ID for item 757 (GCA_001547935_03759) is missing!
ID for item 759 (GCA_001564415_00603) is missing!
ID for item 761 (GCA_000384075_00284) is missing!
ID for item 764 (GCA_000520995_02295) is missing!
ID for item 765 (GCA_000520995_03987) is missing!
ID for item 766 (GCA_000520995_04945) is missing!
ID for item 767 (GCA_900089995_00834) is missing!
ID for item 768 (GCA_900089995_00976) is missing!
ID for item 769 (GCA_900089995_02329) is missing!
ID for item 770 (GCA_900089995_02331) is missing!
ID for item 771 (GCA_000577615_01028) is missing!
ID for item 772 (GCA_001431045_00701) is missing!
ID for item 774 (GCA_000711305_00973) is missing!
ID for item 775 (GCA_000744185_00377) is missing!
ID for item 776 (GCA_000744185_01375) is missing!
ID for item 777 (GCA_000744375_00861) is missing!
ID for item 778 (GCA_000744375_01437) is missing!
ID for item 779 (GCA_000744825_00454) is missing!
ID for item 780 (GCA_000744285_01299) is missing!
Tax data for item 782 is missing!
Tax data for item 787 is missing!
ID for item 789 (GCA_000714715_02148) is missing!
Tax data for item 790 is missing!
ID for item 792 (GCA_001310375_06249) is missing!
ID for item 793 (GCA_001310375_06250) is missing!
ID for item 794 (GCA_001308105_04050) is missing!
ID for item 795 (GCA_001310415_02348) is missing!
ID for item 796 (GCA_001310455_02937) is missing!
ID for item 797 (GCA_001273855_01205) is missing!
ID for item 798 (GCA_001273855_03164) is missing!
ID for item 799 (GCA_000716595_05497) is missing!
ID for item 800 (GCA_000583135_02604) is missing!
ID for item 801 (GCA_001039575_02192) is missing!
ID for item 803 (GCA_001659685_00158) is missing!
ID for item 804 (GCA_001310655_05423) is missing!
ID for item 812 (GCA_000799305_02891) is missing!
ID for item 813 (GCA_000799305_05447) is missing!
ID for item 814 (GCA_000799605_00416) is missing!
ID for item 817 (GCA_000799285_03371) is missing!
ID for item 818 (GCA_000744565_05891) is missing!
ID for item 820 (GCA_000745265_03075) is missing!
ID for item 821 (GCA_000745075_03322) is missing!
ID for item 823 (GCA_000744605_01804) is missing!
ID for item 829 (GCA_000696575_00475) is missing!
ID for item 834 (GCA_002128405_02446) is missing!
ID for item 850 (GCA_001269365_01538) is missing!
ID for item 853 (NAL212_1475) is missing!
ID for item 854 (GCA_000756305_00134) is missing!
ID for item 855 (GCA_000756305_00282) is missing!
Tax data for item 857 is missing!
ID for item 859 (LS64_05835) is missing!
ID for item 860 (LS64_13895) is missing!
ID for item 872 (GCA_000406005_02199) is missing!
ID for item 875 (GCA_001485295_01915) is missing!
ID for item 878 (GCA_000971965_03321) is missing!
ID for item 879 (GCA_001663775_02531) is missing!
ID for item 881 (GCA_001047075_00025) is missing!
ID for item 882 (GCA_001449115_02336) is missing!
ID for item 887 (GCA_001418685_01622) is missing!
ID for item 889 (GCA_001188985_02684) is missing!
ID for item 890 (Daro_3922) is missing!
ID for item 891 (GCA_001243975_01812) is missing!
ID for item 892 (GCA_900068895_04128) is missing!
ID for item 894 (GCA_000374225_01778) is missing!
ID for item 899 (GCA_002119645_01413) is missing!
ID for item 905 (GCA_000515275_01885) is missing!
ID for item 906 (GCA_001590865_01012) is missing!
ID for item 912 (GCA_001047095_01118) is missing!
ID for item 919 (GCA_000332135_03558) is missing!
ID for item 921 (GCA_001050095_02624) is missing!
ID for item 926 (gene_80943829) is missing!
ID for item 928 (gene_80944264) is missing!
ID for item 929 (gene_80951148) is missing!
Tax data for item 935 is missing!
ID for item 939 (GCA_001044195_01965) is missing!
ID for item 941 (GCA_001550065_00727) is missing!
ID for item 942 (GCA_001550065_01267) is missing!
ID for item 945 (GCA_001039045_00513) is missing!
ID for item 947 (LS71_05285) is missing!
ID for item 950 (GCA_000527135_02680) is missing!
ID for item 955 (GCA_001273955_00243) is missing!
ID for item 961 (GCA_000374285_02338) is missing!
ID for item 962 (GCA_001307855_02718) is missing!
ID for item 963 (GCA_001269805_03648) is missing!
ID for item 965 (gene_17593462) is missing!
ID for item 972 (GCA_000688515_02576) is missing!
ID for item 974 (GCA_000510685_02081) is missing!
Tax data for item 975 is missing!
Tax data for item 976 is missing!
ID for item 977 (GCA_000718325_02198) is missing!
ID for item 983 (GCA_000374485_00748) is missing!
ID for item 987 (GCA_001486505_02367) is missing!
ID for item 988 (GCA_900018785_02143) is missing!
Error validating 1721091.ATE47_15120: [Errno 60] Operation timed out
ID for item 989 (ATE47_15120) is missing!
ID for item 990 (GCA_001044175_00916) is missing!
ID for item 991 (GCA_001705305_05288) is missing!
ID for item 992 (GCA_001564225_00151) is missing!
ID for item 993 (GCA_001564225_00152) is missing!
ID for item 994 (GCA_000429445_02896) is missing!
ID for item 1005 (GCA_000711875_00399) is missing!
ID for item 1027 (GCA_000376105_00239) is missing!
ID for item 1038 (GCA_000430725_03098) is missing!
ID for item 1049 (GCA_000429665_02118) is missing!
ID for item 1052 (GCA_001464695_00079) is missing!
ID for item 1053 (GCA_001464765_01709) is missing!
ID for item 1054 (GCA_001464895_01809) is missing!
ID for item 1055 (GCA_001464125_01626) is missing!
ID for item 1056 (GCA_001464035_02289) is missing!
ID for item 1057 (GCA_001464055_01078) is missing!
ID for item 1058 (GCA_001464935_01281) is missing!
ID for item 1060 (GCA_000439085_02980) is missing!
ID for item 1061 (GCA_000430785_02997) is missing!
ID for item 1062 (GCA_900021175_00690) is missing!
Tax data for item 1071 is missing!
ID for item 1072 (GCA_000429785_00679) is missing!
Tax data for item 1073 is missing!
ID for item 1075 (GCA_001556045_00235) is missing!
ID for item 1083 (GCA_000430805_00212) is missing!
ID for item 1094 (GCA_000430805_00996) is missing!
ID for item 1102 (A2V21_205600) is missing!
ID for item 1117 (GCA_001641335_03543) is missing!
ID for item 1127 (GCA_000430825_03816) is missing!
ID for item 1129 (GCA_001626765_02855) is missing!
ID for item 1130 (GCA_900098925_01853) is missing!
ID for item 1133 (GCA_001723685_01367) is missing!
ID for item 1137 (GCA_002009735_02636) is missing!
ID for item 1138 (GCA_000430825_03971) is missing!
ID for item 1139 (GCA_002009735_03521) is missing!
ID for item 1140 (A5880_001239) is missing!
ID for item 1156 (GCA_001660705_02251) is missing!
ID for item 1158 (GCA_001704765_05692) is missing!
ID for item 1160 (GCA_000379725_03499) is missing!
ID for item 1161 (GCA_001650195_05369) is missing!
ID for item 1162 (GCA_001657315_03665) is missing!
ID for item 1172 (GCA_000620145_02288) is missing!
ID for item 1185 (GCA_001704615_01039) is missing!
ID for item 1194 (GCA_000425385_01424) is missing!
ID for item 1205 (GCA_000425385_03363) is missing!
ID for item 1209 (BJG00_15090) is missing!
ID for item 1211 (GCA_900117445_00634) is missing!
ID for item 1216 (GCA_000621185_02050) is missing!
ID for item 1235 (GCA_900103085_01469) is missing!
ID for item 1237 (GCA_002148795_01892) is missing!
ID for item 1238 (GCA_000382125_01326) is missing!
ID for item 1241 (GCA_900166625_03561) is missing!
ID for item 1248 (GCA_002011745_01578) is missing!
ID for item 1249 (GCA_000379765_03222) is missing!
ID for item 1250 (GCA_002011815_01412) is missing!
ID for item 1260 (GCA_000425645_02633) is missing!
ID for item 1263 (GCA_000729995_06053) is missing!
ID for item 1264 (GCA_000426245_04754) is missing!
Tax data for item 1269 is missing!
ID for item 1271 (GCA_000376785_05923) is missing!
ID for item 1272 (GCA_002105465_03231) is missing!
ID for item 1274 (GCA_002110465_04725) is missing!
ID for item 1287 (GCA_000747725_03702) is missing!
ID for item 1294 (GCA_000378505_00362) is missing!
ID for item 1300 (LS73_04620) is missing!
ID for item 1301 (LS73_07525) is missing!
ID for item 1304 (GCA_000820125_01951) is missing!
ID for item 1305 (GCA_000375545_00499) is missing!
ID for item 1309 (GCA_000315565_01919) is missing!
ID for item 1316 (GCA_000372465_07267) is missing!
ID for item 1335 (Reut_A0030) is missing!
ID for item 1340 (GCA_001063965_01251) is missing!
ID for item 1346 (gene_10726213) is missing!
ID for item 1347 (gene_17565134) is missing!
ID for item 1356 (GCA_900176565_01004) is missing!
ID for item 1359 (GCA_002119785_00365) is missing!
ID for item 1360 (GCA_000376945_00195) is missing!
ID for item 1364 (GCA_000719065_03995) is missing!
ID for item 1369 (GCA_000756795_00970) is missing!
ID for item 1375 (GCA_000820065_02378) is missing!
ID for item 1380 (GCA_900068845_01003) is missing!
ID for item 1390 (RPE_0718) is missing!
Doubling removal eliminated 9 sequences
